// Jest Snapshot v1, https://goo.gl/fbAQLP

exports[`Render TblData 1`] = `
<Table
  allRowsSelected={false}
  fixedFooter={true}
  fixedHeader={true}
  height="inherit"
  multiSelectable={false}
  selectable={true}
>
  <TableBody
    allRowsSelected={false}
    deselectOnClickaway={true}
    displayRowCheckbox={false}
    multiSelectable={false}
    preScanRows={true}
    selectable={true}
    style={Object {}}
  >
    <TableRow
      displayBorder={true}
      hoverable={false}
      hovered={false}
      key="0"
      selectable={true}
      striped={false}
    >
      <TableRowColumn
        hoverable={false}
        style={
          Object {
            "color": "#119fe1",
            "width": "10%",
          }
        }
      >
        AAA.AX
      </TableRowColumn>
      <TableRowColumn
        hoverable={false}
        style={
          Object {
            "color": "#9e9e9e",
            "width": "29%",
          }
        }
      >
        AUSTRALIA
      </TableRowColumn>
      <TableRowColumn
        hoverable={false}
        style={
          Object {
            "width": "19%",
          }
        }
      >
        20.12
      </TableRowColumn>
      <TableRowColumn
        hoverable={false}
        style={
          Object {
            "width": "14%",
          }
        }
      >
        <NumberFormat
          allowNegative={true}
          decimalSeparator="."
          displayType="text"
          isAllowed={[Function]}
          onChange={[Function]}
          onKeyDown={[Function]}
          onMouseUp={[Function]}
          prefix=""
          suffix=""
          thousandSeparator={true}
          type="text"
          value="12365370"
        />
      </TableRowColumn>
      <TableRowColumn
        className="increase"
        hoverable={false}
        style={
          Object {
            "width": "14%",
          }
        }
      >
        0
      </TableRowColumn>
      <TableRowColumn
        className="increase"
        hoverable={false}
        style={
          Object {
            "width": "14%",
          }
        }
      >
        0
        %
      </TableRowColumn>
    </TableRow>
    <TableRow
      displayBorder={true}
      hoverable={false}
      hovered={false}
      key="1"
      selectable={true}
      striped={false}
    >
      <TableRowColumn
        hoverable={false}
        style={
          Object {
            "color": "#119fe1",
            "width": "10%",
          }
        }
      >
        ABES.AX
      </TableRowColumn>
      <TableRowColumn
        hoverable={false}
        style={
          Object {
            "color": "#9e9e9e",
            "width": "29%",
          }
        }
      >
        ICELANDICELAND
      </TableRowColumn>
      <TableRowColumn
        hoverable={false}
        style={
          Object {
            "width": "19%",
          }
        }
      >
        6.60
      </TableRowColumn>
      <TableRowColumn
        hoverable={false}
        style={
          Object {
            "width": "14%",
          }
        }
      >
        <NumberFormat
          allowNegative={true}
          decimalSeparator="."
          displayType="text"
          isAllowed={[Function]}
          onChange={[Function]}
          onKeyDown={[Function]}
          onMouseUp={[Function]}
          prefix=""
          suffix=""
          thousandSeparator={true}
          type="text"
          value="6596575"
        />
      </TableRowColumn>
      <TableRowColumn
        className="increase"
        hoverable={false}
        style={
          Object {
            "width": "14%",
          }
        }
      >
        0
      </TableRowColumn>
      <TableRowColumn
        className="increase"
        hoverable={false}
        style={
          Object {
            "width": "14%",
          }
        }
      >
        0
        %
      </TableRowColumn>
    </TableRow>
    <TableRow
      displayBorder={true}
      hoverable={false}
      hovered={false}
      key="2"
      selectable={true}
      striped={false}
    >
      <TableRowColumn
        hoverable={false}
        style={
          Object {
            "color": "#119fe1",
            "width": "10%",
          }
        }
      >
        AAC.CX
      </TableRowColumn>
      <TableRowColumn
        hoverable={false}
        style={
          Object {
            "color": "#9e9e9e",
            "width": "29%",
          }
        }
      >
        USA
      </TableRowColumn>
      <TableRowColumn
        hoverable={false}
        style={
          Object {
            "width": "19%",
          }
        }
      >
        8.49
      </TableRowColumn>
      <TableRowColumn
        hoverable={false}
        style={
          Object {
            "width": "14%",
          }
        }
      >
        <NumberFormat
          allowNegative={true}
          decimalSeparator="."
          displayType="text"
          isAllowed={[Function]}
          onChange={[Function]}
          onKeyDown={[Function]}
          onMouseUp={[Function]}
          prefix=""
          suffix=""
          thousandSeparator={true}
          type="text"
          value="5428285"
        />
      </TableRowColumn>
      <TableRowColumn
        className="increase"
        hoverable={false}
        style={
          Object {
            "width": "14%",
          }
        }
      >
        0
      </TableRowColumn>
      <TableRowColumn
        className="increase"
        hoverable={false}
        style={
          Object {
            "width": "14%",
          }
        }
      >
        0
        %
      </TableRowColumn>
    </TableRow>
    <TableRow
      displayBorder={true}
      hoverable={false}
      hovered={false}
      key="3"
      selectable={true}
      striped={false}
    >
      <TableRowColumn
        hoverable={false}
        style={
          Object {
            "color": "#119fe1",
            "width": "10%",
          }
        }
      >
        AAD.AX
      </TableRowColumn>
      <TableRowColumn
        hoverable={false}
        style={
          Object {
            "color": "#9e9e9e",
            "width": "29%",
          }
        }
      >
        ITALY
      </TableRowColumn>
      <TableRowColumn
        hoverable={false}
        style={
          Object {
            "width": "19%",
          }
        }
      >
        48.10
      </TableRowColumn>
      <TableRowColumn
        hoverable={false}
        style={
          Object {
            "width": "14%",
          }
        }
      >
        <NumberFormat
          allowNegative={true}
          decimalSeparator="."
          displayType="text"
          isAllowed={[Function]}
          onChange={[Function]}
          onKeyDown={[Function]}
          onMouseUp={[Function]}
          prefix=""
          suffix=""
          thousandSeparator={true}
          type="text"
          value="21733264"
        />
      </TableRowColumn>
      <TableRowColumn
        className="increase"
        hoverable={false}
        style={
          Object {
            "width": "14%",
          }
        }
      >
        0
      </TableRowColumn>
      <TableRowColumn
        className="increase"
        hoverable={false}
        style={
          Object {
            "width": "14%",
          }
        }
      >
        0
        %
      </TableRowColumn>
    </TableRow>
    <TableRow
      displayBorder={true}
      hoverable={false}
      hovered={false}
      key="4"
      selectable={true}
      striped={false}
    >
      <TableRowColumn
        hoverable={false}
        style={
          Object {
            "color": "#119fe1",
            "width": "10%",
          }
        }
      >
        AAE.AX
      </TableRowColumn>
      <TableRowColumn
        hoverable={false}
        style={
          Object {
            "color": "#9e9e9e",
            "width": "29%",
          }
        }
      >
        ENGLAND
      </TableRowColumn>
      <TableRowColumn
        hoverable={false}
        style={
          Object {
            "width": "19%",
          }
        }
      >
        85.86
      </TableRowColumn>
      <TableRowColumn
        hoverable={false}
        style={
          Object {
            "width": "14%",
          }
        }
      >
        <NumberFormat
          allowNegative={true}
          decimalSeparator="."
          displayType="text"
          isAllowed={[Function]}
          onChange={[Function]}
          onKeyDown={[Function]}
          onMouseUp={[Function]}
          prefix=""
          suffix=""
          thousandSeparator={true}
          type="text"
          value="74289764"
        />
      </TableRowColumn>
      <TableRowColumn
        className="increase"
        hoverable={false}
        style={
          Object {
            "width": "14%",
          }
        }
      >
        0
      </TableRowColumn>
      <TableRowColumn
        className="increase"
        hoverable={false}
        style={
          Object {
            "width": "14%",
          }
        }
      >
        0
        %
      </TableRowColumn>
    </TableRow>
    <TableRow
      displayBorder={true}
      hoverable={false}
      hovered={false}
      key="5"
      selectable={true}
      striped={false}
    >
      <TableRowColumn
        hoverable={false}
        style={
          Object {
            "color": "#119fe1",
            "width": "10%",
          }
        }
      >
        AAF.AX
      </TableRowColumn>
      <TableRowColumn
        hoverable={false}
        style={
          Object {
            "color": "#9e9e9e",
            "width": "29%",
          }
        }
      >
        EGYPT
      </TableRowColumn>
      <TableRowColumn
        hoverable={false}
        style={
          Object {
            "width": "19%",
          }
        }
      >
        9.12
      </TableRowColumn>
      <TableRowColumn
        hoverable={false}
        style={
          Object {
            "width": "14%",
          }
        }
      >
        <NumberFormat
          allowNegative={true}
          decimalSeparator="."
          displayType="text"
          isAllowed={[Function]}
          onChange={[Function]}
          onKeyDown={[Function]}
          onMouseUp={[Function]}
          prefix=""
          suffix=""
          thousandSeparator={true}
          type="text"
          value="5023141"
        />
      </TableRowColumn>
      <TableRowColumn
        className="increase"
        hoverable={false}
        style={
          Object {
            "width": "14%",
          }
        }
      >
        0
      </TableRowColumn>
      <TableRowColumn
        className="increase"
        hoverable={false}
        style={
          Object {
            "width": "14%",
          }
        }
      >
        0
        %
      </TableRowColumn>
    </TableRow>
    <TableRow
      displayBorder={true}
      hoverable={false}
      hovered={false}
      key="6"
      selectable={true}
      striped={false}
    >
      <TableRowColumn
        hoverable={false}
        style={
          Object {
            "color": "#119fe1",
            "width": "10%",
          }
        }
      >
        AAG.AX
      </TableRowColumn>
      <TableRowColumn
        hoverable={false}
        style={
          Object {
            "color": "#9e9e9e",
            "width": "29%",
          }
        }
      >
        TURKEY
      </TableRowColumn>
      <TableRowColumn
        hoverable={false}
        style={
          Object {
            "width": "19%",
          }
        }
      >
        89.28
      </TableRowColumn>
      <TableRowColumn
        hoverable={false}
        style={
          Object {
            "width": "14%",
          }
        }
      >
        <NumberFormat
          allowNegative={true}
          decimalSeparator="."
          displayType="text"
          isAllowed={[Function]}
          onChange={[Function]}
          onKeyDown={[Function]}
          onMouseUp={[Function]}
          prefix=""
          suffix=""
          thousandSeparator={true}
          type="text"
          value="28684057"
        />
      </TableRowColumn>
      <TableRowColumn
        className="increase"
        hoverable={false}
        style={
          Object {
            "width": "14%",
          }
        }
      >
        0
      </TableRowColumn>
      <TableRowColumn
        className="increase"
        hoverable={false}
        style={
          Object {
            "width": "14%",
          }
        }
      >
        0
        %
      </TableRowColumn>
    </TableRow>
    <TableRow
      displayBorder={true}
      hoverable={false}
      hovered={false}
      key="7"
      selectable={true}
      striped={false}
    >
      <TableRowColumn
        hoverable={false}
        style={
          Object {
            "color": "#119fe1",
            "width": "10%",
          }
        }
      >
        AAH.AX
      </TableRowColumn>
      <TableRowColumn
        hoverable={false}
        style={
          Object {
            "color": "#9e9e9e",
            "width": "29%",
          }
        }
      >
        BELGIUM
      </TableRowColumn>
      <TableRowColumn
        hoverable={false}
        style={
          Object {
            "width": "19%",
          }
        }
      >
        18.51
      </TableRowColumn>
      <TableRowColumn
        hoverable={false}
        style={
          Object {
            "width": "14%",
          }
        }
      >
        <NumberFormat
          allowNegative={true}
          decimalSeparator="."
          displayType="text"
          isAllowed={[Function]}
          onChange={[Function]}
          onKeyDown={[Function]}
          onMouseUp={[Function]}
          prefix=""
          suffix=""
          thousandSeparator={true}
          type="text"
          value="9285875"
        />
      </TableRowColumn>
      <TableRowColumn
        className="increase"
        hoverable={false}
        style={
          Object {
            "width": "14%",
          }
        }
      >
        0
      </TableRowColumn>
      <TableRowColumn
        className="increase"
        hoverable={false}
        style={
          Object {
            "width": "14%",
          }
        }
      >
        0
        %
      </TableRowColumn>
    </TableRow>
    <TableRow
      displayBorder={true}
      hoverable={false}
      hovered={false}
      key="8"
      selectable={true}
      striped={false}
    >
      <TableRowColumn
        hoverable={false}
        style={
          Object {
            "color": "#119fe1",
            "width": "10%",
          }
        }
      >
        AAI.AX
      </TableRowColumn>
      <TableRowColumn
        hoverable={false}
        style={
          Object {
            "color": "#9e9e9e",
            "width": "29%",
          }
        }
      >
        USA
      </TableRowColumn>
      <TableRowColumn
        hoverable={false}
        style={
          Object {
            "width": "19%",
          }
        }
      >
        62.65
      </TableRowColumn>
      <TableRowColumn
        hoverable={false}
        style={
          Object {
            "width": "14%",
          }
        }
      >
        <NumberFormat
          allowNegative={true}
          decimalSeparator="."
          displayType="text"
          isAllowed={[Function]}
          onChange={[Function]}
          onKeyDown={[Function]}
          onMouseUp={[Function]}
          prefix=""
          suffix=""
          thousandSeparator={true}
          type="text"
          value="2593522"
        />
      </TableRowColumn>
      <TableRowColumn
        className="increase"
        hoverable={false}
        style={
          Object {
            "width": "14%",
          }
        }
      >
        0
      </TableRowColumn>
      <TableRowColumn
        className="increase"
        hoverable={false}
        style={
          Object {
            "width": "14%",
          }
        }
      >
        0
        %
      </TableRowColumn>
    </TableRow>
    <TableRow
      displayBorder={true}
      hoverable={false}
      hovered={false}
      key="9"
      selectable={true}
      striped={false}
    >
      <TableRowColumn
        hoverable={false}
        style={
          Object {
            "color": "#119fe1",
            "width": "10%",
          }
        }
      >
        AAK.AX
      </TableRowColumn>
      <TableRowColumn
        hoverable={false}
        style={
          Object {
            "color": "#9e9e9e",
            "width": "29%",
          }
        }
      >
        GERMANY
      </TableRowColumn>
      <TableRowColumn
        hoverable={false}
        style={
          Object {
            "width": "19%",
          }
        }
      >
        91.51
      </TableRowColumn>
      <TableRowColumn
        hoverable={false}
        style={
          Object {
            "width": "14%",
          }
        }
      >
        <NumberFormat
          allowNegative={true}
          decimalSeparator="."
          displayType="text"
          isAllowed={[Function]}
          onChange={[Function]}
          onKeyDown={[Function]}
          onMouseUp={[Function]}
          prefix=""
          suffix=""
          thousandSeparator={true}
          type="text"
          value="78856638"
        />
      </TableRowColumn>
      <TableRowColumn
        className="increase"
        hoverable={false}
        style={
          Object {
            "width": "14%",
          }
        }
      >
        0
      </TableRowColumn>
      <TableRowColumn
        className="increase"
        hoverable={false}
        style={
          Object {
            "width": "14%",
          }
        }
      >
        0
        %
      </TableRowColumn>
    </TableRow>
    <TableRow
      displayBorder={true}
      hoverable={false}
      hovered={false}
      key="10"
      selectable={true}
      striped={false}
    >
      <TableRowColumn
        hoverable={false}
        style={
          Object {
            "color": "#119fe1",
            "width": "10%",
          }
        }
      >
        AAL.AX
      </TableRowColumn>
      <TableRowColumn
        hoverable={false}
        style={
          Object {
            "color": "#9e9e9e",
            "width": "29%",
          }
        }
      >
        SPAIN
      </TableRowColumn>
      <TableRowColumn
        hoverable={false}
        style={
          Object {
            "width": "19%",
          }
        }
      >
        11.47
      </TableRowColumn>
      <TableRowColumn
        hoverable={false}
        style={
          Object {
            "width": "14%",
          }
        }
      >
        <NumberFormat
          allowNegative={true}
          decimalSeparator="."
          displayType="text"
          isAllowed={[Function]}
          onChange={[Function]}
          onKeyDown={[Function]}
          onMouseUp={[Function]}
          prefix=""
          suffix=""
          thousandSeparator={true}
          type="text"
          value="7086682"
        />
      </TableRowColumn>
      <TableRowColumn
        className="increase"
        hoverable={false}
        style={
          Object {
            "width": "14%",
          }
        }
      >
        0
      </TableRowColumn>
      <TableRowColumn
        className="increase"
        hoverable={false}
        style={
          Object {
            "width": "14%",
          }
        }
      >
        0
        %
      </TableRowColumn>
    </TableRow>
    <TableRow
      displayBorder={true}
      hoverable={false}
      hovered={false}
      key="11"
      selectable={true}
      striped={false}
    >
      <TableRowColumn
        hoverable={false}
        style={
          Object {
            "color": "#119fe1",
            "width": "10%",
          }
        }
      >
        AAM.AX
      </TableRowColumn>
      <TableRowColumn
        hoverable={false}
        style={
          Object {
            "color": "#9e9e9e",
            "width": "29%",
          }
        }
      >
        CHINA
      </TableRowColumn>
      <TableRowColumn
        hoverable={false}
        style={
          Object {
            "width": "19%",
          }
        }
      >
        22.30
      </TableRowColumn>
      <TableRowColumn
        hoverable={false}
        style={
          Object {
            "width": "14%",
          }
        }
      >
        <NumberFormat
          allowNegative={true}
          decimalSeparator="."
          displayType="text"
          isAllowed={[Function]}
          onChange={[Function]}
          onKeyDown={[Function]}
          onMouseUp={[Function]}
          prefix=""
          suffix=""
          thousandSeparator={true}
          type="text"
          value="12517213"
        />
      </TableRowColumn>
      <TableRowColumn
        className="increase"
        hoverable={false}
        style={
          Object {
            "width": "14%",
          }
        }
      >
        0
      </TableRowColumn>
      <TableRowColumn
        className="increase"
        hoverable={false}
        style={
          Object {
            "width": "14%",
          }
        }
      >
        0
        %
      </TableRowColumn>
    </TableRow>
    <TableRow
      displayBorder={true}
      hoverable={false}
      hovered={false}
      key="12"
      selectable={true}
      striped={false}
    >
      <TableRowColumn
        hoverable={false}
        style={
          Object {
            "color": "#119fe1",
            "width": "10%",
          }
        }
      >
        AAN.AX
      </TableRowColumn>
      <TableRowColumn
        hoverable={false}
        style={
          Object {
            "color": "#9e9e9e",
            "width": "29%",
          }
        }
      >
        PHILIPPINES
      </TableRowColumn>
      <TableRowColumn
        hoverable={false}
        style={
          Object {
            "width": "19%",
          }
        }
      >
        81.26
      </TableRowColumn>
      <TableRowColumn
        hoverable={false}
        style={
          Object {
            "width": "14%",
          }
        }
      >
        <NumberFormat
          allowNegative={true}
          decimalSeparator="."
          displayType="text"
          isAllowed={[Function]}
          onChange={[Function]}
          onKeyDown={[Function]}
          onMouseUp={[Function]}
          prefix=""
          suffix=""
          thousandSeparator={true}
          type="text"
          value="1247341"
        />
      </TableRowColumn>
      <TableRowColumn
        className="increase"
        hoverable={false}
        style={
          Object {
            "width": "14%",
          }
        }
      >
        0
      </TableRowColumn>
      <TableRowColumn
        className="increase"
        hoverable={false}
        style={
          Object {
            "width": "14%",
          }
        }
      >
        0
        %
      </TableRowColumn>
    </TableRow>
    <TableRow
      displayBorder={true}
      hoverable={false}
      hovered={false}
      key="13"
      selectable={true}
      striped={false}
    >
      <TableRowColumn
        hoverable={false}
        style={
          Object {
            "color": "#119fe1",
            "width": "10%",
          }
        }
      >
        AAO.AX
      </TableRowColumn>
      <TableRowColumn
        hoverable={false}
        style={
          Object {
            "color": "#9e9e9e",
            "width": "29%",
          }
        }
      >
        RUSSIA
      </TableRowColumn>
      <TableRowColumn
        hoverable={false}
        style={
          Object {
            "width": "19%",
          }
        }
      >
        87.59
      </TableRowColumn>
      <TableRowColumn
        hoverable={false}
        style={
          Object {
            "width": "14%",
          }
        }
      >
        <NumberFormat
          allowNegative={true}
          decimalSeparator="."
          displayType="text"
          isAllowed={[Function]}
          onChange={[Function]}
          onKeyDown={[Function]}
          onMouseUp={[Function]}
          prefix=""
          suffix=""
          thousandSeparator={true}
          type="text"
          value="79199754"
        />
      </TableRowColumn>
      <TableRowColumn
        className="increase"
        hoverable={false}
        style={
          Object {
            "width": "14%",
          }
        }
      >
        0
      </TableRowColumn>
      <TableRowColumn
        className="increase"
        hoverable={false}
        style={
          Object {
            "width": "14%",
          }
        }
      >
        0
        %
      </TableRowColumn>
    </TableRow>
    <TableRow
      displayBorder={true}
      hoverable={false}
      hovered={false}
      key="14"
      selectable={true}
      striped={false}
    >
      <TableRowColumn
        hoverable={false}
        style={
          Object {
            "color": "#119fe1",
            "width": "10%",
          }
        }
      >
        AAP.AX
      </TableRowColumn>
      <TableRowColumn
        hoverable={false}
        style={
          Object {
            "color": "#9e9e9e",
            "width": "29%",
          }
        }
      >
        LAOS
      </TableRowColumn>
      <TableRowColumn
        hoverable={false}
        style={
          Object {
            "width": "19%",
          }
        }
      >
        86.95
      </TableRowColumn>
      <TableRowColumn
        hoverable={false}
        style={
          Object {
            "width": "14%",
          }
        }
      >
        <NumberFormat
          allowNegative={true}
          decimalSeparator="."
          displayType="text"
          isAllowed={[Function]}
          onChange={[Function]}
          onKeyDown={[Function]}
          onMouseUp={[Function]}
          prefix=""
          suffix=""
          thousandSeparator={true}
          type="text"
          value="31726142"
        />
      </TableRowColumn>
      <TableRowColumn
        className="increase"
        hoverable={false}
        style={
          Object {
            "width": "14%",
          }
        }
      >
        0
      </TableRowColumn>
      <TableRowColumn
        className="increase"
        hoverable={false}
        style={
          Object {
            "width": "14%",
          }
        }
      >
        0
        %
      </TableRowColumn>
    </TableRow>
    <TableRow
      displayBorder={true}
      hoverable={false}
      hovered={false}
      key="15"
      selectable={true}
      striped={false}
    >
      <TableRowColumn
        hoverable={false}
        style={
          Object {
            "color": "#119fe1",
            "width": "10%",
          }
        }
      >
        AAB.AX
      </TableRowColumn>
      <TableRowColumn
        hoverable={false}
        style={
          Object {
            "color": "#9e9e9e",
            "width": "29%",
          }
        }
      >
        IRAQ
      </TableRowColumn>
      <TableRowColumn
        hoverable={false}
        style={
          Object {
            "width": "19%",
          }
        }
      >
        85.78
      </TableRowColumn>
      <TableRowColumn
        hoverable={false}
        style={
          Object {
            "width": "14%",
          }
        }
      >
        <NumberFormat
          allowNegative={true}
          decimalSeparator="."
          displayType="text"
          isAllowed={[Function]}
          onChange={[Function]}
          onKeyDown={[Function]}
          onMouseUp={[Function]}
          prefix=""
          suffix=""
          thousandSeparator={true}
          type="text"
          value="31331917"
        />
      </TableRowColumn>
      <TableRowColumn
        className="increase"
        hoverable={false}
        style={
          Object {
            "width": "14%",
          }
        }
      >
        0
      </TableRowColumn>
      <TableRowColumn
        className="increase"
        hoverable={false}
        style={
          Object {
            "width": "14%",
          }
        }
      >
        0
        %
      </TableRowColumn>
    </TableRow>
    <TableRow
      displayBorder={true}
      hoverable={false}
      hovered={false}
      key="16"
      selectable={true}
      striped={false}
    >
      <TableRowColumn
        hoverable={false}
        style={
          Object {
            "color": "#119fe1",
            "width": "10%",
          }
        }
      >
        AAR.AX
      </TableRowColumn>
      <TableRowColumn
        hoverable={false}
        style={
          Object {
            "color": "#9e9e9e",
            "width": "29%",
          }
        }
      >
        SINGAPORE
      </TableRowColumn>
      <TableRowColumn
        hoverable={false}
        style={
          Object {
            "width": "19%",
          }
        }
      >
        90.68
      </TableRowColumn>
      <TableRowColumn
        hoverable={false}
        style={
          Object {
            "width": "14%",
          }
        }
      >
        <NumberFormat
          allowNegative={true}
          decimalSeparator="."
          displayType="text"
          isAllowed={[Function]}
          onChange={[Function]}
          onKeyDown={[Function]}
          onMouseUp={[Function]}
          prefix=""
          suffix=""
          thousandSeparator={true}
          type="text"
          value="60779177"
        />
      </TableRowColumn>
      <TableRowColumn
        className="increase"
        hoverable={false}
        style={
          Object {
            "width": "14%",
          }
        }
      >
        0
      </TableRowColumn>
      <TableRowColumn
        className="increase"
        hoverable={false}
        style={
          Object {
            "width": "14%",
          }
        }
      >
        0
        %
      </TableRowColumn>
    </TableRow>
    <TableRow
      displayBorder={true}
      hoverable={false}
      hovered={false}
      key="17"
      selectable={true}
      striped={false}
    >
      <TableRowColumn
        hoverable={false}
        style={
          Object {
            "color": "#119fe1",
            "width": "10%",
          }
        }
      >
        AAS.AX
      </TableRowColumn>
      <TableRowColumn
        hoverable={false}
        style={
          Object {
            "color": "#9e9e9e",
            "width": "29%",
          }
        }
      >
        THAILAND
      </TableRowColumn>
      <TableRowColumn
        hoverable={false}
        style={
          Object {
            "width": "19%",
          }
        }
      >
        52.53
      </TableRowColumn>
      <TableRowColumn
        hoverable={false}
        style={
          Object {
            "width": "14%",
          }
        }
      >
        <NumberFormat
          allowNegative={true}
          decimalSeparator="."
          displayType="text"
          isAllowed={[Function]}
          onChange={[Function]}
          onKeyDown={[Function]}
          onMouseUp={[Function]}
          prefix=""
          suffix=""
          thousandSeparator={true}
          type="text"
          value="22905496"
        />
      </TableRowColumn>
      <TableRowColumn
        className="increase"
        hoverable={false}
        style={
          Object {
            "width": "14%",
          }
        }
      >
        0
      </TableRowColumn>
      <TableRowColumn
        className="increase"
        hoverable={false}
        style={
          Object {
            "width": "14%",
          }
        }
      >
        0
        %
      </TableRowColumn>
    </TableRow>
    <TableRow
      displayBorder={true}
      hoverable={false}
      hovered={false}
      key="18"
      selectable={true}
      striped={false}
    >
      <TableRowColumn
        hoverable={false}
        style={
          Object {
            "color": "#119fe1",
            "width": "10%",
          }
        }
      >
        AAT.AX
      </TableRowColumn>
      <TableRowColumn
        hoverable={false}
        style={
          Object {
            "color": "#9e9e9e",
            "width": "29%",
          }
        }
      >
        IRAN
      </TableRowColumn>
      <TableRowColumn
        hoverable={false}
        style={
          Object {
            "width": "19%",
          }
        }
      >
        61.24
      </TableRowColumn>
      <TableRowColumn
        hoverable={false}
        style={
          Object {
            "width": "14%",
          }
        }
      >
        <NumberFormat
          allowNegative={true}
          decimalSeparator="."
          displayType="text"
          isAllowed={[Function]}
          onChange={[Function]}
          onKeyDown={[Function]}
          onMouseUp={[Function]}
          prefix=""
          suffix=""
          thousandSeparator={true}
          type="text"
          value="38598286"
        />
      </TableRowColumn>
      <TableRowColumn
        className="increase"
        hoverable={false}
        style={
          Object {
            "width": "14%",
          }
        }
      >
        0
      </TableRowColumn>
      <TableRowColumn
        className="increase"
        hoverable={false}
        style={
          Object {
            "width": "14%",
          }
        }
      >
        0
        %
      </TableRowColumn>
    </TableRow>
    <TableRow
      displayBorder={true}
      hoverable={false}
      hovered={false}
      key="19"
      selectable={true}
      striped={false}
    >
      <TableRowColumn
        hoverable={false}
        style={
          Object {
            "color": "#119fe1",
            "width": "10%",
          }
        }
      >
        AAU.AX
      </TableRowColumn>
      <TableRowColumn
        hoverable={false}
        style={
          Object {
            "color": "#9e9e9e",
            "width": "29%",
          }
        }
      >
        JAPAN
      </TableRowColumn>
      <TableRowColumn
        hoverable={false}
        style={
          Object {
            "width": "19%",
          }
        }
      >
        90.81
      </TableRowColumn>
      <TableRowColumn
        hoverable={false}
        style={
          Object {
            "width": "14%",
          }
        }
      >
        <NumberFormat
          allowNegative={true}
          decimalSeparator="."
          displayType="text"
          isAllowed={[Function]}
          onChange={[Function]}
          onKeyDown={[Function]}
          onMouseUp={[Function]}
          prefix=""
          suffix=""
          thousandSeparator={true}
          type="text"
          value="69462658"
        />
      </TableRowColumn>
      <TableRowColumn
        className="increase"
        hoverable={false}
        style={
          Object {
            "width": "14%",
          }
        }
      >
        0
      </TableRowColumn>
      <TableRowColumn
        className="increase"
        hoverable={false}
        style={
          Object {
            "width": "14%",
          }
        }
      >
        0
        %
      </TableRowColumn>
    </TableRow>
  </TableBody>
</Table>
`;
