// Jest Snapshot v1, https://goo.gl/fbAQLP

exports[`Render Header 1`] = `
<Table
  allRowsSelected={false}
  fixedFooter={true}
  fixedHeader={true}
  height="inherit"
  multiSelectable={false}
  selectable={true}
>
  <TableHeader
    adjustForCheckbox={false}
    displaySelectAll={false}
    enableSelectAll={true}
    selectAllSelected={false}
  >
    <TableRow
      displayBorder={true}
      hoverable={false}
      hovered={false}
      selectable={true}
      striped={false}
    >
      <TableHeaderColumn
        className="code"
      >
        Code
      </TableHeaderColumn>
      <TableHeaderColumn
        className="company"
      >
        Company
      </TableHeaderColumn>
      <TableHeaderColumn
        className="price"
      >
        Price
      </TableHeaderColumn>
      <TableHeaderColumn
        className="value"
      >
        Value
      </TableHeaderColumn>
      <TableHeaderColumn
        className="value"
      >
        Change
      </TableHeaderColumn>
      <TableHeaderColumn
        className="value"
      >
        %Change
      </TableHeaderColumn>
    </TableRow>
  </TableHeader>
</Table>
`;
